// Jest Snapshot v1, https://goo.gl/fbAQLP

exports[`Home renders 1`] = `
<Home
  data={
    Object {
      "content": "Some content",
    }
  }
>
  <Div>
    <Element
      tagName="div"
    >
      <div>
        Some content
      </div>
    </Element>
  </Div>
</Home>
`;
